// Jest Snapshot v1, https://goo.gl/fbAQLP

exports[`translation of terminations handles a test which timed out 1`] = `
"
  âœ•  bravo

    We failed to fully process the tap output:
    name: timeout!
    diag:
      signal: SIGTERM
      expired: TAP
      test: bravo
    fullname: timeout.js bravo
"
`;
